// Jest Snapshot v1, https://goo.gl/fbAQLP

exports[`backlinks backlinks render 1`] = `
VFile {
  "contents": "<h2 id=\\"backlinks\\"><a aria-hidden=\\"true\\" class=\\"anchor-heading\\" href=\\"#backlinks\\"><svg aria-hidden=\\"true\\" viewBox=\\"0 0 16 16\\"><use xlink:href=\\"#svg-link\\"></use></svg></a>Backlinks</h2>
<p></p><p><a href=\\"alpha.html\\">alpha</a></p><p><a href=\\"omega.html\\">omega</a></p><p></p>",
  "cwd": "<PROJECT_ROOT>",
  "data": Object {},
  "history": Array [],
  "messages": Array [],
}
`;
