// Jest Snapshot v1, https://goo.gl/fbAQLP

exports[`markdown publish pod basic 1`] = `"foo body"`;
